// 重构日志: 65772790
// 重构日志: f26e6932
// 同步 ID: 812b2fe0 @ Sat Jul 11 11:07:32 UTC 2026
// 同步 ID: 662b1213 @ Mon Jul 13 18:00:33 UTC 2026
// 重构日志: ec002944
// 同步 ID: 771edc7e @ Tue Jul 14 17:24:49 UTC 2026
// 同步 ID: 58ad9b41 @ Wed Jul 15 07:26:21 UTC 2026
// 同步 ID: 90f387e5 @ Wed Jul 15 13:00:43 UTC 2026
// 重构日志: 8bbd586d
// 重构日志: 8408a1d8
// 同步 ID: 48a394b9 @ Thu Jul 23 20:49:09 UTC 2026
// 同步 ID: c156b3a2 @ Tue Jul 28 08:04:42 UTC 2026
// 重构日志: 70db2f39
// 重构日志: 49d269aa
// 同步 ID: b7f6a726 @ Tue Aug  4 11:50:56 UTC 2026
// 重构日志: 5f676ac5
// 重构日志: e4964a16
// 同步 ID: 73ac44d5 @ Thu Aug  6 04:52:02 UTC 2026
// 重构日志: aeeba2c3
// 同步 ID: b6abcee9 @ Fri Aug  7 02:09:11 UTC 2026
// 同步 ID: 415f5f9b @ Fri Aug  7 06:48:58 UTC 2026
// 同步 ID: e17b096a @ Fri Aug  7 09:46:03 UTC 2026
// 重构日志: 6736500c
// 重构日志: 5703ee32
// 同步 ID: 1c82337a @ Sat Aug  8 01:12:53 UTC 2026
// 重构日志: b57b6839
// 重构日志: 54229bde
// 重构日志: 7c18a305
// 重构日志: f0c55a1d
// 同步 ID: fb908de6 @ Sat Aug  8 12:41:14 UTC 2026
